OK   c2:sp_col1b_p1d                                    w6 s3 r1 -   dense 66359285 (exp 66359285) sparse 91460 (exp 91460) margin 8.2e-05 ok True
OK   c2:d8_rp_m4s4_mp_cp_u1_sl_g_p1dct_ra               w6 s3 r1 -   dense 44218228 (exp 44218228) sparse 114557 (exp 114557) margin 1.5e-03 ok True
OK   c2:d6_m4s4_mp_cp_c5_lz5_sl_p1dct_ra_bt             w6 s3 r1 -   dense 53915598 (exp 53915598) sparse 178277 (exp 178277) margin 4.7e-04 ok True
OK   xc:d5_m4k2_mp_cp_mpc_p1dxt_ra                      w6 s3 r1 -   dense 74073879 (exp 74073879) sparse 226480 (exp 226480) margin 6.0e-04 ok True
OK   c2:d7_m4s4_mp_cp_u1_c5_sl_p1dct_ra_bt              w6 s3 r1 -   dense 48831997 (exp 48831997) sparse 128804 (exp 128804) margin 1.5e-03 ok True
OK   ladder:auto_d8                                     w1 s3 r1 -   dense 42980 (exp 42980) sparse 3323 (exp 3323) margin 1.5e-04 ok True
OK   steps:x_d6_mp_ra                                   w6 s1 r1 -   dense 2858017 (exp 2858017) sparse 19499 (exp 19499) margin 1.5e-05 ok True
OK   dl3:d4x_m4k2_mpx_wmpc_p1d_kt_xca                   w6 s3 r1 -   dense 124087564 (exp 124087564) sparse 526518 (exp 526518) margin 9.3e-04 ok True
OK   steps:d7g                                          w6 s2 r1 -   dense 19479268 (exp 19479268) sparse 61762 (exp 61762) margin 1.1e-03 ok True
OK   ladder:b8_4m_m3                                    w6 s3 r1 -   dense 46379980 (exp 46379980) sparse 115305 (exp 115305) margin 1.3e-03 ok True
OK   ladder:b6_10e_t8_bt                                w6 s3 r1 -   dense 53284758 (exp 53284758) sparse 174973 (exp 174973) margin 1.0e-03 ok True
OK   rv:T2_split_u1_ra_sl_mpc                           w6 s1 r2 -   dense 18248721 (exp 18248721) sparse 58167 (exp 58167) margin 1.1e-03 ok True
OK   steps:x_d7_m4_s4_mp_cp_c5_sl_mpc_p1dcl_ra_bt_lp2   w6 s4 r1 -   dense 84378834 (exp 84378834) sparse 179481 (exp 179481) margin 8.7e-04 ok True
OK   rv:F_rp_ra_cpall                                   w6 s1 r4 -   dense 67353814 (exp 67353814) sparse 153224 (exp 153224) margin 2.3e-05 ok True
OK   sp:col1b                                           w6 s6 r1 -   dense 214467057 (exp 214467057) sparse 225497 (exp 225497) margin 7.6e-05 ok True
OK   steps:x_d8_m4_s4_mp_cpl_sl_p1dc_ra                 w6 s6 r1 -   dense 169736779 (exp 169736779) sparse 266540 (exp 266540) margin 7.2e-04 ok True
OK   rv:F_rp_nop_ra_cp2_p1                              w6 s3 r2 -   dense 141357507 (exp 141357507) sparse 291943 (exp 291943) margin 1.5e-03 ok True
OK   bfv:d8_g_p1dct                                     w6 s3 r1 ub  dense 45144507 (exp 45144507) sparse 117433 (exp 117433) margin 9.3e-04 ok True
OK   rv:W_rp_nop_sl_m4_cp2                              w6 s3 r2 -   dense 143724352 (exp 143724352) sparse 292617 (exp 292617) margin 2.2e-03 ok True
OK   sp:col1b                                           w6 s3 r1 u   dense 68233410 (exp 68233410) sparse 91778 (exp 91778) margin 3.1e-05 ok True
OK   steps:x_d8_m4_s4_mp_sl_ra                          w6 s10 r1 -   dense 378759263 (exp 378759263) sparse 476460 (exp 476460) margin 6.7e-04 ok True
OK   bf16x.bx:pk1q                                      w6 s3 r1 -   dense 72009024 (exp 72009024) sparse 132565 (exp 132565) margin 1.2e-04 ok True
OK   rv:F_rp_nop_ra_cp2_yf3                             w3 s3 r24 -   dense 39230940 (exp 39230940) sparse 551256 (exp 551256) margin 5.9e-04 ok True
OK   rv:F_rp_nop_ra                                     w6 s3 r4 -   dense 344008785 (exp 344008785) sparse 661820 (exp 661820) margin 9.0e-04 ok True
ALLDONE
